set set "compartida""a"  "hola""1"

set "a" set "k" "v1"
"1"
set "x" "42"
set "k" "v2"
set "b" "2"
set "b" "2"
set set "a" "a""1"
 "1"
set "a"
set "b" set "clave""2" "valor"set 

"clave" "viejo"
set "clave" "nuevo"
set "clave"
set "clave" "valor"
set "a" "b"
set "c" "d"
set "a" "1"
set "b" "2"
set "clave" "valor"
set "clave"
set "a"
set "b" "valor"
set "clave" "valor"
set "k"set  "x""v1" 
"42"set 
"a" "1"
set "k" "v2"
set "compartida" "hola"
set "a" "1"
set "b" "2"
set "b" "2"
set set "a" "a""1" 
"1"
set "b" set "2""a"

set set set "clave""clave"  "valor""viejo"

"clave" "valor"
set "clave"set 
"clave" "nuevo"
set "clave" "valor"
set "a" "1"
set "b" "2"
set "a" "b"
set "c" "d"
set set "clave" "valor""a"

set "b" "valor"
set "clave"
set "a" "1"
set "a" "1"
set set "x""compartida"  "42"
"hola"
set "k" "v1"
set "b" "2"
set "k" "v2"
set "b" "2"
